{
  "version": "1.5.0",
  "plugins_used": [
    {
      "name": "ArtifactoryDetector"
    },
    {
      "name": "AWSKeyDetector"
    },
    {
      "name": "AzureStorageKeyDetector"
    },
    {
      "name": "Base64HighEntropyString",
      "limit": 4.5
    },
    {
      "name": "BasicAuthDetector"
    },
    {
      "name": "CloudantDetector"
    },
    {
      "name": "DiscordBotTokenDetector"
    },
    {
      "name": "GitHubTokenDetector"
    },
    {
      "name": "GitLabTokenDetector"
    },
    {
      "name": "HexHighEntropyString",
      "limit": 3.0
    },
    {
      "name": "IbmCloudIamDetector"
    },
    {
      "name": "IbmCosHmacDetector"
    },
    {
      "name": "IPPublicDetector"
    },
    {
      "name": "JwtTokenDetector"
    },
    {
      "name": "KeywordDetector",
      "keyword_exclude": ""
    },
    {
      "name": "MailchimpDetector"
    },
    {
      "name": "NpmDetector"
    },
    {
      "name": "OpenAIDetector"
    },
    {
      "name": "PrivateKeyDetector"
    },
    {
      "name": "PypiTokenDetector"
    },
    {
      "name": "SendGridDetector"
    },
    {
      "name": "SlackDetector"
    },
    {
      "name": "SoftlayerDetector"
    },
    {
      "name": "SquareOAuthDetector"
    },
    {
      "name": "StripeDetector"
    },
    {
      "name": "TelegramBotTokenDetector"
    },
    {
      "name": "TwilioKeyDetector"
    }
  ],
  "filters_used": [
    {
      "path": "detect_secrets.filters.allowlist.is_line_allowlisted"
    },
    {
      "path": "detect_secrets.filters.common.is_ignored_due_to_verification_policies",
      "min_level": 2
    },
    {
      "path": "detect_secrets.filters.heuristic.is_indirect_reference"
    },
    {
      "path": "detect_secrets.filters.heuristic.is_likely_id_string"
    },
    {
      "path": "detect_secrets.filters.heuristic.is_lock_file"
    },
    {
      "path": "detect_secrets.filters.heuristic.is_not_alphanumeric_string"
    },
    {
      "path": "detect_secrets.filters.heuristic.is_potential_uuid"
    },
    {
      "path": "detect_secrets.filters.heuristic.is_prefixed_with_dollar_sign"
    },
    {
      "path": "detect_secrets.filters.heuristic.is_sequential_string"
    },
    {
      "path": "detect_secrets.filters.heuristic.is_swagger_file"
    },
    {
      "path": "detect_secrets.filters.heuristic.is_templated_secret"
    },
    {
      "path": "detect_secrets.filters.regex.should_exclude_file",
      "pattern": [
        ".*\\.lock$",
        "package-lock\\.json$"
      ]
    }
  ],
  "results": {
    ".env.example": [
      {
        "type": "Basic Auth Credentials",
        "filename": ".env.example",
        "hashed_secret": "9d4e1e23bd5b727046a9e3b4b7db57bd8d6ee684",
        "is_verified": false,
        "line_number": 214
      }
    ],
    ".pre-commit-config.yaml": [
      {
        "type": "Private Key",
        "filename": ".pre-commit-config.yaml",
        "hashed_secret": "1348b145fa1a555461c1b790a2f66614781091e9",
        "is_verified": false,
        "line_number": 90
      },
      {
        "type": "Private Key",
        "filename": ".pre-commit-config.yaml",
        "hashed_secret": "27c6929aef41ae2bcadac15ca6abcaff72cda9cd",
        "is_verified": false,
        "line_number": 90
      },
      {
        "type": "Private Key",
        "filename": ".pre-commit-config.yaml",
        "hashed_secret": "be4fc4886bd949b369d5e092eb87494f12e57e5b",
        "is_verified": false,
        "line_number": 90
      }
    ],
    "alembic/versions/20260326_1400_add_source_type_to_conversions.py": [
      {
        "type": "Hex High Entropy String",
        "filename": "alembic/versions/20260326_1400_add_source_type_to_conversions.py",
        "hashed_secret": "22c4d43984074ea92bb81a0268c6d203267aaea4",
        "is_verified": false,
        "line_number": 16
      }
    ],
    "demo/evidence/kubectl-describe-pod.txt": [
      {
        "type": "Base64 High Entropy String",
        "filename": "demo/evidence/kubectl-describe-pod.txt",
        "hashed_secret": "4034a227a1bb39edcf35ee44f17f1288402f60c4",
        "is_verified": false,
        "line_number": 1
      }
    ],
    "docs/architecture/core-architecture/architectural-design-principles.md": [
      {
        "type": "Basic Auth Credentials",
        "filename": "docs/architecture/core-architecture/architectural-design-principles.md",
        "hashed_secret": "9d4e1e23bd5b727046a9e3b4b7db57bd8d6ee684",
        "is_verified": false,
        "line_number": 173
      }
    ],
    "docs/architecture/core-architecture/structured-output-capability-system.md": [
      {
        "type": "Secret Keyword",
        "filename": "docs/architecture/core-architecture/structured-output-capability-system.md",
        "hashed_secret": "3acfb2c2b433c0ea7ff107e33df91b18e52f960f",
        "is_verified": false,
        "line_number": 253
      }
    ],
    "docs/architecture/security/iam-design.md": [
      {
        "type": "Secret Keyword",
        "filename": "docs/architecture/security/iam-design.md",
        "hashed_secret": "fd527137dc714da7f19bf01e668352e1ca5d0027",
        "is_verified": false,
        "line_number": 215
      }
    ],
    "docs/architecture/specifications/configuration-management-spec.md": [
      {
        "type": "Secret Keyword",
        "filename": "docs/architecture/specifications/configuration-management-spec.md",
        "hashed_secret": "79ec06be9a01be62ee9c66276034968c23fea4de",
        "is_verified": false,
        "line_number": 223
      }
    ],
    "docs/development/testing/architecture.md": [
      {
        "type": "Secret Keyword",
        "filename": "docs/development/testing/architecture.md",
        "hashed_secret": "2130273071f957800b2ea253b70d72d960b2d086",
        "is_verified": false,
        "line_number": 97
      },
      {
        "type": "Secret Keyword",
        "filename": "docs/development/testing/architecture.md",
        "hashed_secret": "e9a5f12a8ecbb3eb46eca5096b5c52aa5e7c9fdd",
        "is_verified": false,
        "line_number": 157
      },
      {
        "type": "Secret Keyword",
        "filename": "docs/development/testing/architecture.md",
        "hashed_secret": "70b24e15315ba431041730e427b875528ca18bcc",
        "is_verified": false,
        "line_number": 158
      },
      {
        "type": "Secret Keyword",
        "filename": "docs/development/testing/architecture.md",
        "hashed_secret": "f781a9feb2b3d3a15c966482ca86b1109cf00677",
        "is_verified": false,
        "line_number": 159
      },
      {
        "type": "Secret Keyword",
        "filename": "docs/development/testing/architecture.md",
        "hashed_secret": "3acfb2c2b433c0ea7ff107e33df91b18e52f960f",
        "is_verified": false,
        "line_number": 285
      },
      {
        "type": "Secret Keyword",
        "filename": "docs/development/testing/architecture.md",
        "hashed_secret": "7ddcd00c1670e9cfd185b1f3598685e1054b9cca",
        "is_verified": false,
        "line_number": 418
      }
    ],
    "docs/development/testing/guide.md": [
      {
        "type": "Secret Keyword",
        "filename": "docs/development/testing/guide.md",
        "hashed_secret": "1b183a5b18794c7148b37c2ac343d38e5f95ccff",
        "is_verified": false,
        "line_number": 267
      }
    ],
    "docs/development/testing/patterns.md": [
      {
        "type": "Secret Keyword",
        "filename": "docs/development/testing/patterns.md",
        "hashed_secret": "ed65c049bb2f78ee4f703b2158ba9cc6ea31fb7e",
        "is_verified": false,
        "line_number": 123
      },
      {
        "type": "Secret Keyword",
        "filename": "docs/development/testing/patterns.md",
        "hashed_secret": "69dba6dfc0be932d10cdbfaae770c300cd7e0e3c",
        "is_verified": false,
        "line_number": 162
      },
      {
        "type": "Secret Keyword",
        "filename": "docs/development/testing/patterns.md",
        "hashed_secret": "55b1283927ed7373a2761b248c516dbe50402c9d",
        "is_verified": false,
        "line_number": 334
      },
      {
        "type": "Secret Keyword",
        "filename": "docs/development/testing/patterns.md",
        "hashed_secret": "ad7b97159051d422002ce98b32a8182dedc96db8",
        "is_verified": false,
        "line_number": 433
      },
      {
        "type": "Secret Keyword",
        "filename": "docs/development/testing/patterns.md",
        "hashed_secret": "2130273071f957800b2ea253b70d72d960b2d086",
        "is_verified": false,
        "line_number": 448
      },
      {
        "type": "Secret Keyword",
        "filename": "docs/development/testing/patterns.md",
        "hashed_secret": "a8bee6dd2bbf5bf8303b391c191e2cf38515f4a8",
        "is_verified": false,
        "line_number": 502
      }
    ],
    "docs/getting-started/installation.md": [
      {
        "type": "Basic Auth Credentials",
        "filename": "docs/getting-started/installation.md",
        "hashed_secret": "5baa61e4c9b93f3f0682250b6cf8331b7ee68fd8",
        "is_verified": false,
        "line_number": 187
      }
    ],
    "docs/guides/adding-llm-providers.md": [
      {
        "type": "Secret Keyword",
        "filename": "docs/guides/adding-llm-providers.md",
        "hashed_secret": "5228ca8efb506ae125abbed9c9efcf3b2d87dfdd",
        "is_verified": false,
        "line_number": 36
      },
      {
        "type": "Secret Keyword",
        "filename": "docs/guides/adding-llm-providers.md",
        "hashed_secret": "0503761d499f0ad4f1fb72229d0bd9b5d357df1d",
        "is_verified": false,
        "line_number": 54
      },
      {
        "type": "Secret Keyword",
        "filename": "docs/guides/adding-llm-providers.md",
        "hashed_secret": "3e6a324574836cb5c903410aa842b729cee10ad3",
        "is_verified": false,
        "line_number": 72
      },
      {
        "type": "Secret Keyword",
        "filename": "docs/guides/adding-llm-providers.md",
        "hashed_secret": "ce72fbf33953ca0c4908f87dedb1516e4086511a",
        "is_verified": false,
        "line_number": 96
      },
      {
        "type": "Secret Keyword",
        "filename": "docs/guides/adding-llm-providers.md",
        "hashed_secret": "d64c73343f80ad98b9e055c765930134e25e422c",
        "is_verified": false,
        "line_number": 114
      },
      {
        "type": "Secret Keyword",
        "filename": "docs/guides/adding-llm-providers.md",
        "hashed_secret": "4d6ad63ede7712a36e29cab2c2c0c546e9b6413e",
        "is_verified": false,
        "line_number": 132
      },
      {
        "type": "Secret Keyword",
        "filename": "docs/guides/adding-llm-providers.md",
        "hashed_secret": "f8ca0d7266886f4b5be9adddc9b66017b3bf1a4b",
        "is_verified": false,
        "line_number": 248
      },
      {
        "type": "Secret Keyword",
        "filename": "docs/guides/adding-llm-providers.md",
        "hashed_secret": "7648cebe9aecd7db9ccd75a79653d6ffc95f8b35",
        "is_verified": false,
        "line_number": 367
      },
      {
        "type": "Secret Keyword",
        "filename": "docs/guides/adding-llm-providers.md",
        "hashed_secret": "1cb5813ee3dc4169456e023992e99773d80c8a7d",
        "is_verified": false,
        "line_number": 368
      },
      {
        "type": "Secret Keyword",
        "filename": "docs/guides/adding-llm-providers.md",
        "hashed_secret": "c8f16a194efc59559549c7bd69f7bea038742e79",
        "is_verified": false,
        "line_number": 432
      },
      {
        "type": "Secret Keyword",
        "filename": "docs/guides/adding-llm-providers.md",
        "hashed_secret": "824403a55b39792bcab40973349a9b54f42a1620",
        "is_verified": false,
        "line_number": 445
      },
      {
        "type": "Secret Keyword",
        "filename": "docs/guides/adding-llm-providers.md",
        "hashed_secret": "423bd96a4492cf83c216f39b10fd8cfdedd295a2",
        "is_verified": false,
        "line_number": 464
      },
      {
        "type": "Secret Keyword",
        "filename": "docs/guides/adding-llm-providers.md",
        "hashed_secret": "3eb0b2ce55c1965bef760b434ae655f9afc4318c",
        "is_verified": false,
        "line_number": 469
      },
      {
        "type": "Secret Keyword",
        "filename": "docs/guides/adding-llm-providers.md",
        "hashed_secret": "3ac546ea88c4dccb55bb3b6c19e2e2207f979b01",
        "is_verified": false,
        "line_number": 470
      },
      {
        "type": "Secret Keyword",
        "filename": "docs/guides/adding-llm-providers.md",
        "hashed_secret": "3acfb2c2b433c0ea7ff107e33df91b18e52f960f",
        "is_verified": false,
        "line_number": 739
      },
      {
        "type": "Secret Keyword",
        "filename": "docs/guides/adding-llm-providers.md",
        "hashed_secret": "a1553f6a9be2eb942d334d0d7933e03f4a912cce",
        "is_verified": false,
        "line_number": 763
      },
      {
        "type": "Secret Keyword",
        "filename": "docs/guides/adding-llm-providers.md",
        "hashed_secret": "ec3810e10fb78db55ce38b9c18d1c3eb1db739e0",
        "is_verified": false,
        "line_number": 946
      },
      {
        "type": "Secret Keyword",
        "filename": "docs/guides/adding-llm-providers.md",
        "hashed_secret": "c7a8c334eef5d1749fface7d42c66f9ae5e8cf36",
        "is_verified": false,
        "line_number": 947
      },
      {
        "type": "Secret Keyword",
        "filename": "docs/guides/adding-llm-providers.md",
        "hashed_secret": "95e3a1f06b462376a85b65ccae3e07a08a603a46",
        "is_verified": false,
        "line_number": 948
      },
      {
        "type": "Secret Keyword",
        "filename": "docs/guides/adding-llm-providers.md",
        "hashed_secret": "1ccebc9638f47c80fc388173e346b2fa51178cca",
        "is_verified": false,
        "line_number": 949
      }
    ],
    "docs/guides/configuration.md": [
      {
        "type": "Secret Keyword",
        "filename": "docs/guides/configuration.md",
        "hashed_secret": "ec3810e10fb78db55ce38b9c18d1c3eb1db739e0",
        "is_verified": false,
        "line_number": 213
      },
      {
        "type": "Secret Keyword",
        "filename": "docs/guides/configuration.md",
        "hashed_secret": "c7a8c334eef5d1749fface7d42c66f9ae5e8cf36",
        "is_verified": false,
        "line_number": 214
      }
    ],
    "docs/guides/database-migrations.md": [
      {
        "type": "Basic Auth Credentials",
        "filename": "docs/guides/database-migrations.md",
        "hashed_secret": "9d4e1e23bd5b727046a9e3b4b7db57bd8d6ee684",
        "is_verified": false,
        "line_number": 75
      },
      {
        "type": "Hex High Entropy String",
        "filename": "docs/guides/database-migrations.md",
        "hashed_secret": "90bd1b48e958257948487b90bee080ba5ed00caa",
        "is_verified": false,
        "line_number": 172
      },
      {
        "type": "Basic Auth Credentials",
        "filename": "docs/guides/database-migrations.md",
        "hashed_secret": "a94a8fe5ccb19ba61c4c0873d391e987982fbbd3",
        "is_verified": false,
        "line_number": 447
      }
    ],
    "docs/operations/monitoring/configuration.md": [
      {
        "type": "Secret Keyword",
        "filename": "docs/operations/monitoring/configuration.md",
        "hashed_secret": "a616a64c0fbc30f12287d0f24f3b90dd2e6a206e",
        "is_verified": false,
        "line_number": 682
      }
    ],
    "docs/operations/security/GIT_HISTORY_CLEANUP_COMMANDS.md": [
      {
        "type": "Private Key",
        "filename": "docs/operations/security/GIT_HISTORY_CLEANUP_COMMANDS.md",
        "hashed_secret": "be4fc4886bd949b369d5e092eb87494f12e57e5b",
        "is_verified": false,
        "line_number": 187
      }
    ],
    "docs/operations/security/INCIDENT-2026-01-23-RSA-KEY-EXPOSURE.md": [
      {
        "type": "Private Key",
        "filename": "docs/operations/security/INCIDENT-2026-01-23-RSA-KEY-EXPOSURE.md",
        "hashed_secret": "be4fc4886bd949b369d5e092eb87494f12e57e5b",
        "is_verified": false,
        "line_number": 160
      }
    ],
    "docs/operations/security/api-key-security.md": [
      {
        "type": "Secret Keyword",
        "filename": "docs/operations/security/api-key-security.md",
        "hashed_secret": "bad20ce8953a58e8c0e634c770cbd5ab0644b617",
        "is_verified": false,
        "line_number": 111
      }
    ],
    "docs/operations/security/key-management.md": [
      {
        "type": "Private Key",
        "filename": "docs/operations/security/key-management.md",
        "hashed_secret": "be4fc4886bd949b369d5e092eb87494f12e57e5b",
        "is_verified": false,
        "line_number": 96
      },
      {
        "type": "Secret Keyword",
        "filename": "docs/operations/security/key-management.md",
        "hashed_secret": "a6365e0f988684405cb9a5ec816c79c9932a333f",
        "is_verified": false,
        "line_number": 261
      },
      {
        "type": "Secret Keyword",
        "filename": "docs/operations/security/key-management.md",
        "hashed_secret": "bd17ef09e4c5352b7c6265a0b93c13aa8ea9a7e4",
        "is_verified": false,
        "line_number": 267
      },
      {
        "type": "Private Key",
        "filename": "docs/operations/security/key-management.md",
        "hashed_secret": "1348b145fa1a555461c1b790a2f66614781091e9",
        "is_verified": false,
        "line_number": 338
      }
    ],
    "docs/operations/security/pii-sanitization-configuration.md": [
      {
        "type": "AWS Access Key",
        "filename": "docs/operations/security/pii-sanitization-configuration.md",
        "hashed_secret": "25910f981e85ca04baf359199dd0bd4a3ae738b6",
        "is_verified": false,
        "line_number": 67
      },
      {
        "type": "Basic Auth Credentials",
        "filename": "docs/operations/security/pii-sanitization-configuration.md",
        "hashed_secret": "9d4e1e23bd5b727046a9e3b4b7db57bd8d6ee684",
        "is_verified": false,
        "line_number": 68
      }
    ],
    "docs/reference/database/README.md": [
      {
        "type": "Basic Auth Credentials",
        "filename": "docs/reference/database/README.md",
        "hashed_secret": "5baa61e4c9b93f3f0682250b6cf8331b7ee68fd8",
        "is_verified": false,
        "line_number": 425
      }
    ],
    "docs/reference/tools/developer-guide.md": [
      {
        "type": "Secret Keyword",
        "filename": "docs/reference/tools/developer-guide.md",
        "hashed_secret": "33eafeb967e2f62c6da67fa985f48bc181c4b3cb",
        "is_verified": false,
        "line_number": 629
      }
    ],
    "docs/reference/tools/integrations/mcp-integration.md": [
      {
        "type": "Secret Keyword",
        "filename": "docs/reference/tools/integrations/mcp-integration.md",
        "hashed_secret": "9ad19750930e5cf133e024641c00daf5fc90c700",
        "is_verified": false,
        "line_number": 489
      },
      {
        "type": "Basic Auth Credentials",
        "filename": "docs/reference/tools/integrations/mcp-integration.md",
        "hashed_secret": "9d4e1e23bd5b727046a9e3b4b7db57bd8d6ee684",
        "is_verified": false,
        "line_number": 562
      }
    ],
    "faultmaven/api/routes/auth.py": [
      {
        "type": "Secret Keyword",
        "filename": "faultmaven/api/routes/auth.py",
        "hashed_secret": "1aa0cf383d91e23d19481de4e4664887f40db48c",
        "is_verified": false,
        "line_number": 317
      },
      {
        "type": "Secret Keyword",
        "filename": "faultmaven/api/routes/auth.py",
        "hashed_secret": "c6c8ca831310660bd9de521485624d9fd1e08193",
        "is_verified": false,
        "line_number": 520
      },
      {
        "type": "Secret Keyword",
        "filename": "faultmaven/api/routes/auth.py",
        "hashed_secret": "8ceb9504283f2c025655a3d2ec0eeddde0d74ec8",
        "is_verified": false,
        "line_number": 574
      }
    ],
    "faultmaven/config/llm_config_overrides.py": [
      {
        "type": "Secret Keyword",
        "filename": "faultmaven/config/llm_config_overrides.py",
        "hashed_secret": "0f5649c9ee9b12e2dac7ee4cc9becb72a0d068ba",
        "is_verified": false,
        "line_number": 26
      },
      {
        "type": "Secret Keyword",
        "filename": "faultmaven/config/llm_config_overrides.py",
        "hashed_secret": "bde4db9b4c3be4049adc3b9a69851d7c35119770",
        "is_verified": false,
        "line_number": 27
      },
      {
        "type": "Secret Keyword",
        "filename": "faultmaven/config/llm_config_overrides.py",
        "hashed_secret": "06a82351c455b58cdf1414084479c37bd07cabcf",
        "is_verified": false,
        "line_number": 28
      },
      {
        "type": "Secret Keyword",
        "filename": "faultmaven/config/llm_config_overrides.py",
        "hashed_secret": "3b653202eb692574a8ad22357ba20b12d83f7ada",
        "is_verified": false,
        "line_number": 29
      },
      {
        "type": "Secret Keyword",
        "filename": "faultmaven/config/llm_config_overrides.py",
        "hashed_secret": "d8e1e08709129f68605aabb6b888921b7fdeccfa",
        "is_verified": false,
        "line_number": 30
      },
      {
        "type": "Secret Keyword",
        "filename": "faultmaven/config/llm_config_overrides.py",
        "hashed_secret": "efa5a34f2491c10159053c720e63df961f800388",
        "is_verified": false,
        "line_number": 31
      },
      {
        "type": "Secret Keyword",
        "filename": "faultmaven/config/llm_config_overrides.py",
        "hashed_secret": "be09abf83d98d414227d12de7c47c7da29289652",
        "is_verified": false,
        "line_number": 32
      },
      {
        "type": "Secret Keyword",
        "filename": "faultmaven/config/llm_config_overrides.py",
        "hashed_secret": "506f30bf33917c420d56a41dfc1072fd8b1525f5",
        "is_verified": false,
        "line_number": 33
      }
    ],
    "faultmaven/config/settings.py": [
      {
        "type": "Base64 High Entropy String",
        "filename": "faultmaven/config/settings.py",
        "hashed_secret": "e76677faf522e271a2cd192cdccfd2b74d84badb",
        "is_verified": false,
        "line_number": 269
      }
    ],
    "faultmaven/infrastructure/llm/providers/registry.py": [
      {
        "type": "Secret Keyword",
        "filename": "faultmaven/infrastructure/llm/providers/registry.py",
        "hashed_secret": "877ae368395eca61a0d7667c45101f061ed399cd",
        "is_verified": false,
        "line_number": 109
      },
      {
        "type": "Secret Keyword",
        "filename": "faultmaven/infrastructure/llm/providers/registry.py",
        "hashed_secret": "02ecb94373bfb3dfe827ca18409f50b016e8302a",
        "is_verified": false,
        "line_number": 124
      },
      {
        "type": "Secret Keyword",
        "filename": "faultmaven/infrastructure/llm/providers/registry.py",
        "hashed_secret": "3e10d010e7dfb478858d30459fa03f3824340d47",
        "is_verified": false,
        "line_number": 151
      },
      {
        "type": "Secret Keyword",
        "filename": "faultmaven/infrastructure/llm/providers/registry.py",
        "hashed_secret": "431d2bd508124a7b8d30261fe6976e48b12005ae",
        "is_verified": false,
        "line_number": 166
      },
      {
        "type": "Secret Keyword",
        "filename": "faultmaven/infrastructure/llm/providers/registry.py",
        "hashed_secret": "96133e4265d7a277409c8094e5eff6a41934cf07",
        "is_verified": false,
        "line_number": 180
      },
      {
        "type": "Secret Keyword",
        "filename": "faultmaven/infrastructure/llm/providers/registry.py",
        "hashed_secret": "f8ca0d7266886f4b5be9adddc9b66017b3bf1a4b",
        "is_verified": false,
        "line_number": 190
      },
      {
        "type": "Secret Keyword",
        "filename": "faultmaven/infrastructure/llm/providers/registry.py",
        "hashed_secret": "1a37d41260f96724ee881be5e261b4d043f0626b",
        "is_verified": false,
        "line_number": 206
      },
      {
        "type": "Secret Keyword",
        "filename": "faultmaven/infrastructure/llm/providers/registry.py",
        "hashed_secret": "824403a55b39792bcab40973349a9b54f42a1620",
        "is_verified": false,
        "line_number": 221
      }
    ],
    "faultmaven/infrastructure/monitoring/sla_monitor.py": [
      {
        "type": "Secret Keyword",
        "filename": "faultmaven/infrastructure/monitoring/sla_monitor.py",
        "hashed_secret": "a616a64c0fbc30f12287d0f24f3b90dd2e6a206e",
        "is_verified": false,
        "line_number": 357
      },
      {
        "type": "Secret Keyword",
        "filename": "faultmaven/infrastructure/monitoring/sla_monitor.py",
        "hashed_secret": "de4c02ea30043ecc8e8febd8244d7ca316511314",
        "is_verified": false,
        "line_number": 385
      },
      {
        "type": "Secret Keyword",
        "filename": "faultmaven/infrastructure/monitoring/sla_monitor.py",
        "hashed_secret": "816b2e62116b4745dfcc503b499f396965e69a4a",
        "is_verified": false,
        "line_number": 386
      }
    ],
    "faultmaven/infrastructure/persistence/database.py": [
      {
        "type": "Basic Auth Credentials",
        "filename": "faultmaven/infrastructure/persistence/database.py",
        "hashed_secret": "9d4e1e23bd5b727046a9e3b4b7db57bd8d6ee684",
        "is_verified": false,
        "line_number": 52
      }
    ],
    "faultmaven/infrastructure/security/redaction.py": [
      {
        "type": "Private Key",
        "filename": "faultmaven/infrastructure/security/redaction.py",
        "hashed_secret": "1348b145fa1a555461c1b790a2f66614781091e9",
        "is_verified": false,
        "line_number": 129
      },
      {
        "type": "Private Key",
        "filename": "faultmaven/infrastructure/security/redaction.py",
        "hashed_secret": "be4fc4886bd949b369d5e092eb87494f12e57e5b",
        "is_verified": false,
        "line_number": 133
      }
    ],
    "faultmaven/models/interfaces_user.py": [
      {
        "type": "Secret Keyword",
        "filename": "faultmaven/models/interfaces_user.py",
        "hashed_secret": "553ab251f84b08eda31bf807cee8259aaffb614a",
        "is_verified": false,
        "line_number": 38
      }
    ],
    "faultmaven/modules/auth/domain/models/organization.py": [
      {
        "type": "Secret Keyword",
        "filename": "faultmaven/modules/auth/domain/models/organization.py",
        "hashed_secret": "553ab251f84b08eda31bf807cee8259aaffb614a",
        "is_verified": false,
        "line_number": 38
      }
    ],
    "faultmaven/utils/token_estimation.py": [
      {
        "type": "Secret Keyword",
        "filename": "faultmaven/utils/token_estimation.py",
        "hashed_secret": "829c3804401b0727f70f73d4415e162400cbe57b",
        "is_verified": false,
        "line_number": 86
      }
    ],
    "scripts/config/opik_faultmaven_local.sh.example": [
      {
        "type": "Secret Keyword",
        "filename": "scripts/config/opik_faultmaven_local.sh.example",
        "hashed_secret": "79ec06be9a01be62ee9c66276034968c23fea4de",
        "is_verified": false,
        "line_number": 31
      }
    ],
    "scripts/generate_oauth_keys.py": [
      {
        "type": "Private Key",
        "filename": "scripts/generate_oauth_keys.py",
        "hashed_secret": "be4fc4886bd949b369d5e092eb87494f12e57e5b",
        "is_verified": false,
        "line_number": 180
      }
    ],
    "tests/conftest.py": [
      {
        "type": "Secret Keyword",
        "filename": "tests/conftest.py",
        "hashed_secret": "3acfb2c2b433c0ea7ff107e33df91b18e52f960f",
        "is_verified": false,
        "line_number": 881
      }
    ],
    "tests/health/test_docker_health.py": [
      {
        "type": "Basic Auth Credentials",
        "filename": "tests/health/test_docker_health.py",
        "hashed_secret": "373512ccfd85d621267aba2bdd0ce26a0221a107",
        "is_verified": false,
        "line_number": 71
      }
    ],
    "tests/infrastructure/test_llm_providers.py": [
      {
        "type": "Secret Keyword",
        "filename": "tests/infrastructure/test_llm_providers.py",
        "hashed_secret": "efb86404dadacb6de187139dc49031e845f8c22e",
        "is_verified": false,
        "line_number": 115
      },
      {
        "type": "Secret Keyword",
        "filename": "tests/infrastructure/test_llm_providers.py",
        "hashed_secret": "75ddfb45216fe09680dfe70eda4f559a910c832c",
        "is_verified": false,
        "line_number": 116
      },
      {
        "type": "Secret Keyword",
        "filename": "tests/infrastructure/test_llm_providers.py",
        "hashed_secret": "3acfb2c2b433c0ea7ff107e33df91b18e52f960f",
        "is_verified": false,
        "line_number": 506
      }
    ],
    "tests/infrastructure/test_llm_registry_comprehensive.py": [
      {
        "type": "Secret Keyword",
        "filename": "tests/infrastructure/test_llm_registry_comprehensive.py",
        "hashed_secret": "3acfb2c2b433c0ea7ff107e33df91b18e52f960f",
        "is_verified": false,
        "line_number": 136
      },
      {
        "type": "Secret Keyword",
        "filename": "tests/infrastructure/test_llm_registry_comprehensive.py",
        "hashed_secret": "74509353fcd36364f2d7f8e2968dc00de133dc76",
        "is_verified": false,
        "line_number": 164
      },
      {
        "type": "Secret Keyword",
        "filename": "tests/infrastructure/test_llm_registry_comprehensive.py",
        "hashed_secret": "51063da0f489c439e80600c6bb027bbc05ffa1f2",
        "is_verified": false,
        "line_number": 166
      },
      {
        "type": "Secret Keyword",
        "filename": "tests/infrastructure/test_llm_registry_comprehensive.py",
        "hashed_secret": "cdfa6aa141db58c5fdc9db42863c2239fd876bf5",
        "is_verified": false,
        "line_number": 168
      },
      {
        "type": "Secret Keyword",
        "filename": "tests/infrastructure/test_llm_registry_comprehensive.py",
        "hashed_secret": "9c1e0d66ef9e150b17ad372ca79531c7ce6190c4",
        "is_verified": false,
        "line_number": 172
      },
      {
        "type": "Secret Keyword",
        "filename": "tests/infrastructure/test_llm_registry_comprehensive.py",
        "hashed_secret": "ee66cb4165d21088e2655eb2f91c7e9c2e3b5ee1",
        "is_verified": false,
        "line_number": 173
      },
      {
        "type": "Secret Keyword",
        "filename": "tests/infrastructure/test_llm_registry_comprehensive.py",
        "hashed_secret": "5604643103e4a0b33eb4906ba9407740af8a3f67",
        "is_verified": false,
        "line_number": 310
      },
      {
        "type": "Secret Keyword",
        "filename": "tests/infrastructure/test_llm_registry_comprehensive.py",
        "hashed_secret": "10b77a5ab6a50fb8449ba7fa58b69f5a0551979e",
        "is_verified": false,
        "line_number": 1042
      },
      {
        "type": "Secret Keyword",
        "filename": "tests/infrastructure/test_llm_registry_comprehensive.py",
        "hashed_secret": "9aef3a585ab0bf7bdb03dd1c6c3263a611a17e17",
        "is_verified": false,
        "line_number": 1043
      },
      {
        "type": "Secret Keyword",
        "filename": "tests/infrastructure/test_llm_registry_comprehensive.py",
        "hashed_secret": "b90369da9fcb7998cfeff6c97f1ae7c3215f8674",
        "is_verified": false,
        "line_number": 1200
      }
    ],
    "tests/infrastructure/test_observability_core.py": [
      {
        "type": "Secret Keyword",
        "filename": "tests/infrastructure/test_observability_core.py",
        "hashed_secret": "3bee216ebc256d692260fc3adc765050508fef5e",
        "is_verified": false,
        "line_number": 222
      }
    ],
    "tests/infrastructure/test_redaction.py": [
      {
        "type": "AWS Access Key",
        "filename": "tests/infrastructure/test_redaction.py",
        "hashed_secret": "25910f981e85ca04baf359199dd0bd4a3ae738b6",
        "is_verified": false,
        "line_number": 48
      },
      {
        "type": "Base64 High Entropy String",
        "filename": "tests/infrastructure/test_redaction.py",
        "hashed_secret": "163519d71a91979a14fac12c92f031385cc7cd5b",
        "is_verified": false,
        "line_number": 53
      },
      {
        "type": "Basic Auth Credentials",
        "filename": "tests/infrastructure/test_redaction.py",
        "hashed_secret": "9d4e1e23bd5b727046a9e3b4b7db57bd8d6ee684",
        "is_verified": false,
        "line_number": 58
      },
      {
        "type": "Base64 High Entropy String",
        "filename": "tests/infrastructure/test_redaction.py",
        "hashed_secret": "5b4fb03dcc5cd5485fb004dba53e0368577fa27d",
        "is_verified": false,
        "line_number": 62
      },
      {
        "type": "Base64 High Entropy String",
        "filename": "tests/infrastructure/test_redaction.py",
        "hashed_secret": "5c7a6f37e4a0c77514e16e1b62144852cfca9c89",
        "is_verified": false,
        "line_number": 64
      },
      {
        "type": "Basic Auth Credentials",
        "filename": "tests/infrastructure/test_redaction.py",
        "hashed_secret": "5baa61e4c9b93f3f0682250b6cf8331b7ee68fd8",
        "is_verified": false,
        "line_number": 134
      },
      {
        "type": "JSON Web Token",
        "filename": "tests/infrastructure/test_redaction.py",
        "hashed_secret": "985925e62ce3494a4e73f20676f1506ef64380f0",
        "is_verified": false,
        "line_number": 144
      }
    ],
    "tests/infrastructure/test_redaction_errors.py": [
      {
        "type": "AWS Access Key",
        "filename": "tests/infrastructure/test_redaction_errors.py",
        "hashed_secret": "25910f981e85ca04baf359199dd0bd4a3ae738b6",
        "is_verified": false,
        "line_number": 17
      }
    ],
    "tests/infrastructure/test_router.py": [
      {
        "type": "Secret Keyword",
        "filename": "tests/infrastructure/test_router.py",
        "hashed_secret": "efb86404dadacb6de187139dc49031e845f8c22e",
        "is_verified": false,
        "line_number": 19
      },
      {
        "type": "Secret Keyword",
        "filename": "tests/infrastructure/test_router.py",
        "hashed_secret": "75ddfb45216fe09680dfe70eda4f559a910c832c",
        "is_verified": false,
        "line_number": 20
      }
    ],
    "tests/infrastructure/test_security_processing.py": [
      {
        "type": "AWS Access Key",
        "filename": "tests/infrastructure/test_security_processing.py",
        "hashed_secret": "25910f981e85ca04baf359199dd0bd4a3ae738b6",
        "is_verified": false,
        "line_number": 182
      },
      {
        "type": "Secret Keyword",
        "filename": "tests/infrastructure/test_security_processing.py",
        "hashed_secret": "2b0db591f1b63280616851b8802c3990e8f88467",
        "is_verified": false,
        "line_number": 183
      },
      {
        "type": "Secret Keyword",
        "filename": "tests/infrastructure/test_security_processing.py",
        "hashed_secret": "a210cfc794f08f6cb509660fdd5523e45dae52c3",
        "is_verified": false,
        "line_number": 187
      },
      {
        "type": "JSON Web Token",
        "filename": "tests/infrastructure/test_security_processing.py",
        "hashed_secret": "7c5b0176229acbac39453a72c65f093379fab463",
        "is_verified": false,
        "line_number": 190
      },
      {
        "type": "Secret Keyword",
        "filename": "tests/infrastructure/test_security_processing.py",
        "hashed_secret": "db7a966a4caf9ffaae0f207a7286eb9493d32e8c",
        "is_verified": false,
        "line_number": 191
      },
      {
        "type": "Basic Auth Credentials",
        "filename": "tests/infrastructure/test_security_processing.py",
        "hashed_secret": "cbfdac6008f9cab4083784cbd1874f76618d2a97",
        "is_verified": false,
        "line_number": 194
      },
      {
        "type": "Secret Keyword",
        "filename": "tests/infrastructure/test_security_processing.py",
        "hashed_secret": "d4ca4db3a53bc6f4ed62a24f9f13b5591136ed27",
        "is_verified": false,
        "line_number": 195
      },
      {
        "type": "GitHub Token",
        "filename": "tests/infrastructure/test_security_processing.py",
        "hashed_secret": "e175c6f5f2a92e8623bd9a4820edb4e8c1b0fd10",
        "is_verified": false,
        "line_number": 198
      },
      {
        "type": "Secret Keyword",
        "filename": "tests/infrastructure/test_security_processing.py",
        "hashed_secret": "5bf782237157fba9a96caf55afa03f1c2b326243",
        "is_verified": false,
        "line_number": 199
      },
      {
        "type": "Basic Auth Credentials",
        "filename": "tests/infrastructure/test_security_processing.py",
        "hashed_secret": "f2b14f68eb995facb3a1c35287b778d5bd785511",
        "is_verified": false,
        "line_number": 241
      },
      {
        "type": "AWS Access Key",
        "filename": "tests/infrastructure/test_security_processing.py",
        "hashed_secret": "6d11d0055abb8034f442998da9441fa1d3561937",
        "is_verified": false,
        "line_number": 245
      },
      {
        "type": "Basic Auth Credentials",
        "filename": "tests/infrastructure/test_security_processing.py",
        "hashed_secret": "74b52519afd30a7fa11a97ba47c54a1fa1c98026",
        "is_verified": false,
        "line_number": 283
      },
      {
        "type": "Basic Auth Credentials",
        "filename": "tests/infrastructure/test_security_processing.py",
        "hashed_secret": "5baa61e4c9b93f3f0682250b6cf8331b7ee68fd8",
        "is_verified": false,
        "line_number": 286
      },
      {
        "type": "Secret Keyword",
        "filename": "tests/infrastructure/test_security_processing.py",
        "hashed_secret": "159920628cb789601a3ef7859918baa2e9ea7d15",
        "is_verified": false,
        "line_number": 287
      },
      {
        "type": "Basic Auth Credentials",
        "filename": "tests/infrastructure/test_security_processing.py",
        "hashed_secret": "f865b53623b121fd34ee5426c792e5c33af8c227",
        "is_verified": false,
        "line_number": 323
      },
      {
        "type": "AWS Access Key",
        "filename": "tests/infrastructure/test_security_processing.py",
        "hashed_secret": "fe1fb6aaa03c0a1c2af9804a84879ddab2f1b235",
        "is_verified": false,
        "line_number": 328
      },
      {
        "type": "Basic Auth Credentials",
        "filename": "tests/infrastructure/test_security_processing.py",
        "hashed_secret": "781e4e351be7966269133233e11e9f6be6bf38a4",
        "is_verified": false,
        "line_number": 432
      },
      {
        "type": "Basic Auth Credentials",
        "filename": "tests/infrastructure/test_security_processing.py",
        "hashed_secret": "465465af23bc4f38ae62aa0d1825c98d2e2d7645",
        "is_verified": false,
        "line_number": 541
      },
      {
        "type": "Basic Auth Credentials",
        "filename": "tests/infrastructure/test_security_processing.py",
        "hashed_secret": "8c305a07c6f8fa806cbf0aa9caa35c680fb0c4c7",
        "is_verified": false,
        "line_number": 581
      },
      {
        "type": "AWS Access Key",
        "filename": "tests/infrastructure/test_security_processing.py",
        "hashed_secret": "2f435f72c2f06f2c5243d8c3a30eeccdf4fa6a41",
        "is_verified": false,
        "line_number": 583
      }
    ],
    "tests/integration/.pytest_cache/CACHEDIR.TAG": [
      {
        "type": "Hex High Entropy String",
        "filename": "tests/integration/.pytest_cache/CACHEDIR.TAG",
        "hashed_secret": "e8f8c345877b2411a59897798e422b15b0c16d76",
        "is_verified": false,
        "line_number": 1
      }
    ],
    "tests/integration/README.md": [
      {
        "type": "Secret Keyword",
        "filename": "tests/integration/README.md",
        "hashed_secret": "3acfb2c2b433c0ea7ff107e33df91b18e52f960f",
        "is_verified": false,
        "line_number": 209
      }
    ],
    "tests/integration/conftest.py": [
      {
        "type": "Secret Keyword",
        "filename": "tests/integration/conftest.py",
        "hashed_secret": "b0e915d173dc83147295f7bd99fbd27af07c94d2",
        "is_verified": false,
        "line_number": 737
      },
      {
        "type": "Secret Keyword",
        "filename": "tests/integration/conftest.py",
        "hashed_secret": "fdf45156f5330f81e4f88a3f679036e1eacd9555",
        "is_verified": false,
        "line_number": 738
      },
      {
        "type": "Secret Keyword",
        "filename": "tests/integration/conftest.py",
        "hashed_secret": "848f978849cce15d474563d0c614f5f3a4e079f3",
        "is_verified": false,
        "line_number": 739
      }
    ],
    "tests/integration/test_alembic_migrations.py": [
      {
        "type": "Hex High Entropy String",
        "filename": "tests/integration/test_alembic_migrations.py",
        "hashed_secret": "22c4d43984074ea92bb81a0268c6d203267aaea4",
        "is_verified": false,
        "line_number": 26
      }
    ],
    "tests/integration/test_new_architecture_workflows.py": [
      {
        "type": "Secret Keyword",
        "filename": "tests/integration/test_new_architecture_workflows.py",
        "hashed_secret": "74509353fcd36364f2d7f8e2968dc00de133dc76",
        "is_verified": false,
        "line_number": 142
      },
      {
        "type": "Secret Keyword",
        "filename": "tests/integration/test_new_architecture_workflows.py",
        "hashed_secret": "fb65b50b1d99e86507c6966d6ee57c0bff0d6973",
        "is_verified": false,
        "line_number": 144
      }
    ],
    "tests/unit/api/test_admin_config_endpoints.py": [
      {
        "type": "Secret Keyword",
        "filename": "tests/unit/api/test_admin_config_endpoints.py",
        "hashed_secret": "bc3a404f9d1afe1ab51443bc20d49e5959aa1817",
        "is_verified": false,
        "line_number": 296
      }
    ],
    "tests/unit/architecture/test_configuration_compliance.py": [
      {
        "type": "Secret Keyword",
        "filename": "tests/unit/architecture/test_configuration_compliance.py",
        "hashed_secret": "ed65c049bb2f78ee4f703b2158ba9cc6ea31fb7e",
        "is_verified": false,
        "line_number": 447
      }
    ],
    "tests/unit/config/test_presets.py": [
      {
        "type": "Secret Keyword",
        "filename": "tests/unit/config/test_presets.py",
        "hashed_secret": "e9a5f12a8ecbb3eb46eca5096b5c52aa5e7c9fdd",
        "is_verified": false,
        "line_number": 226
      }
    ],
    "tests/unit/config/test_settings_mapping.py": [
      {
        "type": "Basic Auth Credentials",
        "filename": "tests/unit/config/test_settings_mapping.py",
        "hashed_secret": "9d4e1e23bd5b727046a9e3b4b7db57bd8d6ee684",
        "is_verified": false,
        "line_number": 180
      },
      {
        "type": "Secret Keyword",
        "filename": "tests/unit/config/test_settings_mapping.py",
        "hashed_secret": "f2b14f68eb995facb3a1c35287b778d5bd785511",
        "is_verified": false,
        "line_number": 236
      }
    ],
    "tests/unit/core/preprocessing/test_preprocessing_models.py": [
      {
        "type": "Hex High Entropy String",
        "filename": "tests/unit/core/preprocessing/test_preprocessing_models.py",
        "hashed_secret": "90bd1b48e958257948487b90bee080ba5ed00caa",
        "is_verified": false,
        "line_number": 171
      }
    ],
    "tests/unit/core/preprocessing/test_tier2_external.py": [
      {
        "type": "Secret Keyword",
        "filename": "tests/unit/core/preprocessing/test_tier2_external.py",
        "hashed_secret": "3acfb2c2b433c0ea7ff107e33df91b18e52f960f",
        "is_verified": false,
        "line_number": 68
      }
    ],
    "tests/unit/core/preprocessing/test_tier2_factory.py": [
      {
        "type": "Secret Keyword",
        "filename": "tests/unit/core/preprocessing/test_tier2_factory.py",
        "hashed_secret": "3acfb2c2b433c0ea7ff107e33df91b18e52f960f",
        "is_verified": false,
        "line_number": 22
      }
    ],
    "tests/unit/infrastructure/llm/providers/test_anthropic_messages.py": [
      {
        "type": "Secret Keyword",
        "filename": "tests/unit/infrastructure/llm/providers/test_anthropic_messages.py",
        "hashed_secret": "3acfb2c2b433c0ea7ff107e33df91b18e52f960f",
        "is_verified": false,
        "line_number": 22
      }
    ],
    "tests/unit/infrastructure/llm/providers/test_gemini_function_calling.py": [
      {
        "type": "Secret Keyword",
        "filename": "tests/unit/infrastructure/llm/providers/test_gemini_function_calling.py",
        "hashed_secret": "3acfb2c2b433c0ea7ff107e33df91b18e52f960f",
        "is_verified": false,
        "line_number": 31
      }
    ],
    "tests/unit/infrastructure/llm/providers/test_openai_messages.py": [
      {
        "type": "Secret Keyword",
        "filename": "tests/unit/infrastructure/llm/providers/test_openai_messages.py",
        "hashed_secret": "3acfb2c2b433c0ea7ff107e33df91b18e52f960f",
        "is_verified": false,
        "line_number": 26
      }
    ],
    "tests/unit/infrastructure/llm/test_provider_capability_overrides.py": [
      {
        "type": "Secret Keyword",
        "filename": "tests/unit/infrastructure/llm/test_provider_capability_overrides.py",
        "hashed_secret": "3acfb2c2b433c0ea7ff107e33df91b18e52f960f",
        "is_verified": false,
        "line_number": 31
      },
      {
        "type": "Secret Keyword",
        "filename": "tests/unit/infrastructure/llm/test_provider_capability_overrides.py",
        "hashed_secret": "a94a8fe5ccb19ba61c4c0873d391e987982fbbd3",
        "is_verified": false,
        "line_number": 516
      }
    ],
    "tests/unit/infrastructure/persistence/test_user_repository.py": [
      {
        "type": "Secret Keyword",
        "filename": "tests/unit/infrastructure/persistence/test_user_repository.py",
        "hashed_secret": "2346ad27d7568ba9896f1b7da6b5991251debdf2",
        "is_verified": false,
        "line_number": 381
      }
    ],
    "tests/unit/infrastructure/test_cohere_provider.py": [
      {
        "type": "Secret Keyword",
        "filename": "tests/unit/infrastructure/test_cohere_provider.py",
        "hashed_secret": "7089eeb55e047626e8eceeb5cccf90a75161377b",
        "is_verified": false,
        "line_number": 21
      },
      {
        "type": "Secret Keyword",
        "filename": "tests/unit/infrastructure/test_cohere_provider.py",
        "hashed_secret": "3acfb2c2b433c0ea7ff107e33df91b18e52f960f",
        "is_verified": false,
        "line_number": 55
      }
    ],
    "tests/unit/integrations/test_llm_client.py": [
      {
        "type": "Secret Keyword",
        "filename": "tests/unit/integrations/test_llm_client.py",
        "hashed_secret": "3acfb2c2b433c0ea7ff107e33df91b18e52f960f",
        "is_verified": false,
        "line_number": 119
      },
      {
        "type": "Secret Keyword",
        "filename": "tests/unit/integrations/test_llm_client.py",
        "hashed_secret": "71fdbe9f60b1157a53c18b7ec93d4041d828aaad",
        "is_verified": false,
        "line_number": 346
      }
    ],
    "tests/unit/modules/agent/test_turn_pipeline.py": [
      {
        "type": "Hex High Entropy String",
        "filename": "tests/unit/modules/agent/test_turn_pipeline.py",
        "hashed_secret": "90bd1b48e958257948487b90bee080ba5ed00caa",
        "is_verified": false,
        "line_number": 46
      }
    ],
    "tests/unit/modules/auth/domain/services/test_oauth_service.py": [
      {
        "type": "Base64 High Entropy String",
        "filename": "tests/unit/modules/auth/domain/services/test_oauth_service.py",
        "hashed_secret": "e582429052cdb908833560f6f7582d232de37c4d",
        "is_verified": false,
        "line_number": 137
      }
    ],
    "tests/unit/modules/knowledge/test_conversion_service.py": [
      {
        "type": "Base64 High Entropy String",
        "filename": "tests/unit/modules/knowledge/test_conversion_service.py",
        "hashed_secret": "f094c9ea3d38a5fc78579143ed4280aa67a14081",
        "is_verified": false,
        "line_number": 622
      },
      {
        "type": "Base64 High Entropy String",
        "filename": "tests/unit/modules/knowledge/test_conversion_service.py",
        "hashed_secret": "0b50e84c39fb61992422121df1f65bfca11a4790",
        "is_verified": false,
        "line_number": 631
      },
      {
        "type": "Secret Keyword",
        "filename": "tests/unit/modules/knowledge/test_conversion_service.py",
        "hashed_secret": "21dde79b804497e122f38dabc393f8e94f103ca6",
        "is_verified": false,
        "line_number": 632
      },
      {
        "type": "Basic Auth Credentials",
        "filename": "tests/unit/modules/knowledge/test_conversion_service.py",
        "hashed_secret": "9d4e1e23bd5b727046a9e3b4b7db57bd8d6ee684",
        "is_verified": false,
        "line_number": 633
      }
    ],
    "tests/unit/providers/tenancy/test_multi_tenant_provider.py": [
      {
        "type": "Secret Keyword",
        "filename": "tests/unit/providers/tenancy/test_multi_tenant_provider.py",
        "hashed_secret": "6318553899daae2941718c02508aeee938af1a1c",
        "is_verified": false,
        "line_number": 54
      }
    ],
    "tests/unit/providers/tenancy/test_single_tenant_provider.py": [
      {
        "type": "Secret Keyword",
        "filename": "tests/unit/providers/tenancy/test_single_tenant_provider.py",
        "hashed_secret": "6318553899daae2941718c02508aeee938af1a1c",
        "is_verified": false,
        "line_number": 55
      }
    ],
    "tests/unit/services/preprocessing/extractors/test_config_extractor.py": [
      {
        "type": "JSON Web Token",
        "filename": "tests/unit/services/preprocessing/extractors/test_config_extractor.py",
        "hashed_secret": "34c659f4df06118f5bc39edc355b4542851ad3f6",
        "is_verified": false,
        "line_number": 72
      },
      {
        "type": "GitHub Token",
        "filename": "tests/unit/services/preprocessing/extractors/test_config_extractor.py",
        "hashed_secret": "e175c6f5f2a92e8623bd9a4820edb4e8c1b0fd10",
        "is_verified": false,
        "line_number": 84
      },
      {
        "type": "Secret Keyword",
        "filename": "tests/unit/services/preprocessing/extractors/test_config_extractor.py",
        "hashed_secret": "f2b14f68eb995facb3a1c35287b778d5bd785511",
        "is_verified": false,
        "line_number": 104
      },
      {
        "type": "AWS Access Key",
        "filename": "tests/unit/services/preprocessing/extractors/test_config_extractor.py",
        "hashed_secret": "25910f981e85ca04baf359199dd0bd4a3ae738b6",
        "is_verified": false,
        "line_number": 264
      }
    ],
    "tests/unit/services/test_auth_service.py": [
      {
        "type": "Private Key",
        "filename": "tests/unit/services/test_auth_service.py",
        "hashed_secret": "1348b145fa1a555461c1b790a2f66614781091e9",
        "is_verified": false,
        "line_number": 1002
      }
    ],
    "tests/unit/services/test_embedding_service.py": [
      {
        "type": "Secret Keyword",
        "filename": "tests/unit/services/test_embedding_service.py",
        "hashed_secret": "2e7a7ee14caebf378fc32d6cf6f557f347c96773",
        "is_verified": false,
        "line_number": 47
      }
    ],
    "tests/unit/services/test_user_service.py": [
      {
        "type": "Secret Keyword",
        "filename": "tests/unit/services/test_user_service.py",
        "hashed_secret": "3acfb2c2b433c0ea7ff107e33df91b18e52f960f",
        "is_verified": false,
        "line_number": 31
      },
      {
        "type": "Secret Keyword",
        "filename": "tests/unit/services/test_user_service.py",
        "hashed_secret": "8571e4169f4ecf9549fa47b9698de46e19ae4836",
        "is_verified": false,
        "line_number": 99
      },
      {
        "type": "Secret Keyword",
        "filename": "tests/unit/services/test_user_service.py",
        "hashed_secret": "f8b0d9dfeda90e1d8eda968b761f9bcf09ab8ec3",
        "is_verified": false,
        "line_number": 147
      },
      {
        "type": "Secret Keyword",
        "filename": "tests/unit/services/test_user_service.py",
        "hashed_secret": "57e9aee1ca23e7c2c292523e8e10c8e65435e280",
        "is_verified": false,
        "line_number": 158
      },
      {
        "type": "Secret Keyword",
        "filename": "tests/unit/services/test_user_service.py",
        "hashed_secret": "c40f722b626097fd136d3493454e42d9d6b9afc0",
        "is_verified": false,
        "line_number": 169
      },
      {
        "type": "Secret Keyword",
        "filename": "tests/unit/services/test_user_service.py",
        "hashed_secret": "570fd414d12fd7bb9853ce0f76dcaa8d0e8bf0d0",
        "is_verified": false,
        "line_number": 180
      },
      {
        "type": "Secret Keyword",
        "filename": "tests/unit/services/test_user_service.py",
        "hashed_secret": "21ebea085cf99c1dda0ea31e1d99510785899fa3",
        "is_verified": false,
        "line_number": 191
      },
      {
        "type": "Secret Keyword",
        "filename": "tests/unit/services/test_user_service.py",
        "hashed_secret": "4e464bd2d04b111a91389b535b719b5da7f1a87c",
        "is_verified": false,
        "line_number": 208
      },
      {
        "type": "Secret Keyword",
        "filename": "tests/unit/services/test_user_service.py",
        "hashed_secret": "195837ee2ee071e00ecbcebb8af3ecacb3ffbbca",
        "is_verified": false,
        "line_number": 269
      },
      {
        "type": "Secret Keyword",
        "filename": "tests/unit/services/test_user_service.py",
        "hashed_secret": "86e631aa00d9f07feedece27ef43324516bb4e05",
        "is_verified": false,
        "line_number": 444
      },
      {
        "type": "Secret Keyword",
        "filename": "tests/unit/services/test_user_service.py",
        "hashed_secret": "d14a1c1308009e98e7863c500bbe6a66c7270445",
        "is_verified": false,
        "line_number": 464
      },
      {
        "type": "Secret Keyword",
        "filename": "tests/unit/services/test_user_service.py",
        "hashed_secret": "1ded3053d0363079a4e681a3b700435d6d880290",
        "is_verified": false,
        "line_number": 491
      }
    ],
    "tests/unit/utils/test_password.py": [
      {
        "type": "Secret Keyword",
        "filename": "tests/unit/utils/test_password.py",
        "hashed_secret": "8571e4169f4ecf9549fa47b9698de46e19ae4836",
        "is_verified": false,
        "line_number": 45
      },
      {
        "type": "Secret Keyword",
        "filename": "tests/unit/utils/test_password.py",
        "hashed_secret": "2d1342080133bf3a2a1e5c32343b41ca2e6c779c",
        "is_verified": false,
        "line_number": 118
      },
      {
        "type": "Secret Keyword",
        "filename": "tests/unit/utils/test_password.py",
        "hashed_secret": "61955cbb16c1639894478ee55fbe3aa0a6a33e40",
        "is_verified": false,
        "line_number": 231
      },
      {
        "type": "Secret Keyword",
        "filename": "tests/unit/utils/test_password.py",
        "hashed_secret": "697840515e3c64671e867d73d5edff1bdfad64ce",
        "is_verified": false,
        "line_number": 237
      }
    ]
  },
  "generated_at": "2026-03-26T23:49:14Z"
}
